// Jest Snapshot v1, https://goo.gl/fbAQLP

exports[`pruebas en <GifGridItem /> debe de mostrar el componente correctamente 1`] = `
<div
  className="card animate__animated animate__fadeIn"
>
  <img
    alt="Un título"
    src="https://www.loquesea.com"
  />
  <p>
    Un título
  </p>
</div>
`;
